[ Tdtd "animal" 
    ( Right 
        [ "ELEMENT animal (cat|tiger|leopard)+" 
        , "ELEMENT cat EMPTY" 
        , "ELEMENT tiger (#PCDATA)" 
        , "ELEMENT leopard ANY" 
        , "ELEMENT small EMPTY" 
        , "ELEMENT big EMPTY" 
        , "ATTLIST tiger color CDATA #REQUIRED" 
        ] 
    )
, Ttext "" 
, Tcomment "" 
, Ttext "Above is DTD -->" 
, Tin "?music" 
, Tattr ""Here is a PI" ?> 
      <animal>
         <cat/>
         <tiger color" "white" 
, TinC "?music" 
, Ttext "This is a white tiger in Mirage!!" 
, Tout "tiger" 
, Ttext "
         " 
, Tin "cat/" 
, TinC "cat/" 
, Ttext "
         " 
, Tin "leopard" 
, TinC "leopard" 
, Ttext "
            " 
, Tin "small/" 
, TinC "small/" 
, Ttext "
            " 
, Tin "big/" 
, TinC "big/" 
, Ttext "
         " 
, Tout "leopard" 
, Ttext "" 
, Tout "animal" 
, Ttext "" 
, Tcomment "" 
] 