[ Tpreproc "xml" "version="1.0" encoding="us-ascii" standalone="yes" " 
, Ttext "" 
, Tcomment "Above is XMLDecl " 
, Ttext "" 
, Tdtd "animal" 
    ( Right 
        [ "ELEMENT animal (cat|tiger|leopard)+" 
        , "ELEMENT cat EMPTY" 
        , "ELEMENT tiger (#PCDATA)" 
        , "ELEMENT leopard ANY" 
        , "ELEMENT small EMPTY" 
        , "ELEMENT big EMPTY" 
        , "ATTLIST tiger color CDATA #REQUIRED" 
        ] 
    )
, Ttext "" 
, Tcomment "Above is DTD " 
, Ttext "" 
, Tpreproc "music" ""Here is a PI" " 
, Ttext " " 
, Tin "animal" 
, TinC "animal" 
, Ttext "
         " 
, Tin "cat" 
, TinC "cat" 
, Tout "cat" 
, Ttext "
         " 
, Tin "tiger" 
, Tattr "color" "white" 
, TinC "tiger" 
, Ttext "This is a white tiger in Mirage!!" 
, Tout "tiger" 
, Ttext "
         " 
, Tin "cat" 
, TinC "cat" 
, Tout "cat" 
, Ttext "
         " 
, Tin "leopard" 
, TinC "leopard" 
, Ttext "
            " 
, Tin "small" 
, TinC "small" 
, Tout "small" 
, Ttext "
            " 
, Tin "big" 
, TinC "big" 
, Tout "big" 
, Ttext "
         " 
, Tout "leopard" 
, Ttext "" 
, Tout "animal" 
, Ttext "" 
, Tcomment "Above is element animal " 
] 