[ Tin "?xml" 
, Tattr "version" "1.0" 
, Tattr "encoding" "us-ascii" 
, Tattr "standalone" "yes" 
, TinC "?xml" 
, Ttext "" 
, Tin "!--" 
, Tattr "Above is XMLDecl -->
      <!DOCTYPE animal [
      <!ELEMENT animal (cat|tiger|leopard)+>
      <!ELEMENT cat EMPTY>
      <!ELEMENT tiger (#PCDATA)>
      <!ELEMENT leopard ANY>
      <!ELEMENT small EMPTY>
      <!ELEMENT big EMPTY>
      <!ATTLIST tiger color CDATA #REQUIRED>
      ]>
      <!-- Above is DTD -->
      <?music "Here is a PI" ?> 
      <animal>
         <cat/>
         <tiger color" "white" 
, TinC "!--" 
, Ttext "This is a white tiger in Mirage!!" 
, Tout "tiger" 
, Ttext "
         " 
, Tin "cat/" 
, TinC "cat/" 
, Ttext "
         " 
, Tin "leopard" 
, TinC "leopard" 
, Ttext "
            " 
, Tin "small/" 
, TinC "small/" 
, Ttext "
            " 
, Tin "big/" 
, TinC "big/" 
, Ttext "
         " 
, Tout "leopard" 
, Ttext "" 
, Tout "animal" 
, Ttext "" 
, Tin "!--" 
] 