[ Tpreproc "xml" "version="1.0" encoding="us-ascii" standalone="yes" "
, Ttext "\xd"
, Tcomment "Above is XMLDecl "
, Ttext "\xd"
, Tdtd "animal"
    ( Right
        [ "ELEMENT animal (cat|tiger|leopard)+"
        , "ELEMENT cat EMPTY"
        , "ELEMENT tiger (#PCDATA)"
        , "ELEMENT leopard ANY"
        , "ELEMENT small EMPTY"
        , "ELEMENT big EMPTY"
        , "ATTLIST tiger color CDATA #REQUIRED"
        ]
    )
, Ttext "\xd"
, Tcomment "Above is DTD "
, Ttext "\xd"
, Tpreproc "music" ""Here is a PI" "
, Ttext " \xd"
, Tin "animal"
, TinC "animal"
, Ttext "\xd
         "
, Tin "cat"
, TinC "cat"
, Tout "cat"
, Ttext "\xd
         "
, Tin "tiger"
, Tattr "color" "white"
, TinC "tiger"
, Ttext "This is a white tiger in Mirage!!"
, Tout "tiger"
, Ttext "\xd
         "
, Tin "cat"
, TinC "cat"
, Tout "cat"
, Ttext "\xd
         "
, Tin "leopard"
, TinC "leopard"
, Ttext "\xd
            "
, Tin "small"
, TinC "small"
, Tout "small"
, Ttext "\xd
            "
, Tin "big"
, TinC "big"
, Tout "big"
, Ttext "\xd
         "
, Tout "leopard"
, Ttext "\xd"
, Tout "animal"
, Ttext "\xd"
, Tcomment "Above is element animal "
]