[ Tpreproc "xml" "version="1.0" encoding="UTF-8""
, Ttext "\xd"
, Tin "note"
, TinC "note"
, Ttext "\xd
        "
, Tin "to"
, TinC "to"
, Ttext "Tove"
, Tout "to"
, Ttext "\xd
        "
, Tin "from"
, TinC "from"
, Ttext "Jani"
, Tout "Ffrom"
, Ttext "\xd
        "
, Tin "heading"
, TinC "heading"
, Ttext "Reminder"
, Tout "heading"
, Ttext "\xd
        "
, Tin "body"
, TinC "body"
, Ttext "Don't forget me this weekend!"
, Tout "body"
, Ttext "\xd"
, Tout "note"
]