[ Tin "?xml" 
, Tattr "version" "1.0" 
, Tattr "encoding" "UTF-8" 
, TinC "?xml" 
, Ttext "" 
, Tin "note" 
, TinC "note" 
, Ttext "
        " 
, Tin "to" 
, TinC "to" 
, Ttext "Tove" 
, Tout "to" 
, Ttext "
        " 
, Tin "from" 
, TinC "from" 
, Ttext "Jani" 
, Tout "Ffrom" 
, Ttext "
        " 
, Tin "heading" 
, TinC "heading" 
, Ttext "Reminder" 
, Tout "heading" 
, Ttext "
        " 
, Tin "body" 
, TinC "body" 
, Ttext "Don't forget me this weekend!" 
, Tout "body" 
, Ttext "" 
, Tout "note" 
] 